// Jest Snapshot v1, https://goo.gl/fbAQLP

exports[`components/Chat should render correctly 1`] = `
<styled.div>
  <Header
    medium={true}
  >
    Chat Replay
  </Header>
  <lazy
    className="message-list"
    dataSource={
      Array [
        Object {
          "id": 1,
          "text": "Message 1",
        },
        Object {
          "id": 2,
          "text": "Message 2",
        },
      ]
    }
  />
</styled.div>
`;
